// Jest Snapshot v1, https://goo.gl/fbAQLP

exports[`Pruebas en <GifItem /> Debe de hacer match con el snapshot 1`] = `
<div>
  <div
    class="card"
  >
    <img
      alt="Dog Driving"
      src="https://media4.giphy.com/media/kiBcwEXegBTACmVOnE/giphy-downsized-medium.gif?cid=b76bcd7c04ukm3m4lpf5402vfwuh1voqbg2t44molis3iyrx&rid=giphy-downsized-medium.gif"
    />
    <p>
      Dog Driving
    </p>
  </div>
</div>
`;
